18:37:13 **** Build of configuration Debug for project blink ****
make -j8 all 
arm-none-eabi-gcc -mcpu=cortex-m4 -g3 -c -x assembler-with-cpp -MMD -MP -MF"Startup/startup_stm32f407vgtx.d" -MT"Startup/startup_stm32f407vgtx.o" --specs=nano.specs -mfloat-abi=soft -mthumb -o "Startup/startup_stm32f407vgtx.o" "../Startup/startup_stm32f407vgtx.s"
arm-none-eabi-gcc "../Src/main.c" -mcpu=cortex-m4 -std=gnu11 -g3 -DDEBUG -DSTM32 -DSTM32F4 -DSTM32F407VGTx -c -I../Inc -O0 -ffunction-sections -fdata-sections -Wall -fstack-usage -MMD -MP -MF"Src/main.d" -MT"Src/main.o" --specs=nano.specs -mfloat-abi=soft -mthumb -o "Src/main.o"
arm-none-eabi-gcc "../Src/syscalls.c" -mcpu=cortex-m4 -std=gnu11 -g3 -DDEBUG -DSTM32 -DSTM32F4 -DSTM32F407VGTx -c -I../Inc -O0 -ffunction-sections -fdata-sections -Wall -fstack-usage -MMD -MP -MF"Src/syscalls.d" -MT"Src/syscalls.o" --specs=nano.specs -mfloat-abi=soft -mthumb -o "Src/syscalls.o"
arm-none-eabi-gcc "../Src/sysmem.c" -mcpu=cortex-m4 -std=gnu11 -g3 -DDEBUG -DSTM32 -DSTM32F4 -DSTM32F407VGTx -c -I../Inc -O0 -ffunction-sections -fdata-sections -Wall -fstack-usage -MMD -MP -MF"Src/sysmem.d" -MT"Src/sysmem.o" --specs=nano.specs -mfloat-abi=soft -mthumb -o "Src/sysmem.o"
../Src/main.c: In function 'main':
../Src/main.c:82:10: warning: unused variable 'string' [-Wunused-variable]
   82 |     char string[] = "hello world\0";
      |          ^~~~~~
arm-none-eabi-gcc -o "blink.elf" @"objects.list"   -mcpu=cortex-m4 -T"/home/keith/Documents/Uart/blink/STM32F407VGTX_FLASH.ld" --specs=nosys.specs -Wl,-Map="blink.map" -Wl,--gc-sections -static --specs=nano.specs -mfloat-abi=soft -mthumb -Wl,--start-group -lc -lm -Wl,--end-group
Finished building target: blink.elf
 
arm-none-eabi-size   blink.elf 
arm-none-eabi-objdump -h -S  blink.elf  > "blink.list"
arm-none-eabi-objcopy  -O binary  blink.elf  "blink.bin"
   text	   data	    bss	    dec	    hex	filename
   1060	     48	   1568	   2676	    a74	blink.elf
Finished building: default.size.stdout
 
Finished building: blink.bin
 
Finished building: blink.list
 
18:37:16 **** Incremental Build of configuration Debug for project blink ****
make -j8 all 
arm-none-eabi-size   blink.elf 
   text	   data	    bss	    dec	    hex	filename
   1060	     48	   1568	   2676	    a74	blink.elf
Finished building: default.size.stdout
 
18:45:13 **** Build of configuration Debug for project 00_Uart ****
make -j8 all 
arm-none-eabi-gcc -mcpu=cortex-m4 -g3 -c -x assembler-with-cpp -MMD -MP -MF"Startup/startup_stm32f407vgtx.d" -MT"Startup/startup_stm32f407vgtx.o" --specs=nano.specs -mfloat-abi=soft -mthumb -o "Startup/startup_stm32f407vgtx.o" "../Startup/startup_stm32f407vgtx.s"
arm-none-eabi-gcc "../Src/main.c" -mcpu=cortex-m4 -std=gnu11 -g3 -DDEBUG -DSTM32 -DSTM32F4 -DSTM32F407VGTx -c -I../Inc -O0 -ffunction-sections -fdata-sections -Wall -fstack-usage -MMD -MP -MF"Src/main.d" -MT"Src/main.o" --specs=nano.specs -mfloat-abi=soft -mthumb -o "Src/main.o"
arm-none-eabi-gcc "../Src/syscalls.c" -mcpu=cortex-m4 -std=gnu11 -g3 -DDEBUG -DSTM32 -DSTM32F4 -DSTM32F407VGTx -c -I../Inc -O0 -ffunction-sections -fdata-sections -Wall -fstack-usage -MMD -MP -MF"Src/syscalls.d" -MT"Src/syscalls.o" --specs=nano.specs -mfloat-abi=soft -mthumb -o "Src/syscalls.o"
arm-none-eabi-gcc "../Src/sysmem.c" -mcpu=cortex-m4 -std=gnu11 -g3 -DDEBUG -DSTM32 -DSTM32F4 -DSTM32F407VGTx -c -I../Inc -O0 -ffunction-sections -fdata-sections -Wall -fstack-usage -MMD -MP -MF"Src/sysmem.d" -MT"Src/sysmem.o" --specs=nano.specs -mfloat-abi=soft -mthumb -o "Src/sysmem.o"
../Src/main.c: In function 'main':
../Src/main.c:76:15: warning: unused variable 'pUsartDr' [-Wunused-variable]
   76 |     uint32_t *pUsartDr = (uint32_t *)0x40004404;
      |               ^~~~~~~~
../Src/main.c:75:15: warning: unused variable 'pUsartSr' [-Wunused-variable]
   75 |     uint32_t *pUsartSr = (uint32_t *)0x40004400;
      |               ^~~~~~~~
arm-none-eabi-gcc -o "00_Uart.elf" @"objects.list"   -mcpu=cortex-m4 -T"/home/keith/Documents/Uart/00_Uart/STM32F407VGTX_FLASH.ld" --specs=nosys.specs -Wl,-Map="00_Uart.map" -Wl,--gc-sections -static --specs=nano.specs -mfloat-abi=soft -mthumb -Wl,--start-group -lc -lm -Wl,--end-group
Finished building target: 00_Uart.elf
 
arm-none-eabi-size   00_Uart.elf 
arm-none-eabi-objdump -h -S  00_Uart.elf  > "00_Uart.list"
arm-none-eabi-objcopy  -O binary  00_Uart.elf  "00_Uart.bin"
   text	   data	    bss	    dec	    hex	filename
    964	      8	   1568	   2540	    9ec	00_Uart.elf
Finished building: default.size.stdout
 
Finished building: 00_Uart.bin
 
Finished building: 00_Uart.list
 
18:45:13 **** Incremental Build of configuration Debug for project blink ****
make -j8 all 
arm-none-eabi-gcc "../Src/main.c" -mcpu=cortex-m4 -std=gnu11 -g3 -DDEBUG -DSTM32 -DSTM32F4 -DSTM32F407VGTx -c -I../Inc -O0 -ffunction-sections -fdata-sections -Wall -fstack-usage -MMD -MP -MF"Src/main.d" -MT"Src/main.o" --specs=nano.specs -mfloat-abi=soft -mthumb -o "Src/main.o"
../Src/main.c: In function 'main':
../Src/main.c:91:11: warning: variable 'c' set but not used [-Wunused-but-set-variable]
   91 |      char c = 0;
      |           ^
../Src/main.c:85:10: warning: unused variable 'string' [-Wunused-variable]
   85 |     char string[] = "hello world\0";
      |          ^~~~~~
arm-none-eabi-gcc -o "blink.elf" @"objects.list"   -mcpu=cortex-m4 -T"/home/keith/Documents/Uart/blink/STM32F407VGTX_FLASH.ld" --specs=nosys.specs -Wl,-Map="blink.map" -Wl,--gc-sections -static --specs=nano.specs -mfloat-abi=soft -mthumb -Wl,--start-group -lc -lm -Wl,--end-group
Finished building target: blink.elf
 
arm-none-eabi-objdump -h -S  blink.elf  > "blink.list"
arm-none-eabi-objcopy  -O binary  blink.elf  "blink.bin"
arm-none-eabi-size   blink.elf 
   text	   data	    bss	    dec	    hex	filename
   1032	     44	   1564	   2640	    a50	blink.elf
Finished building: default.size.stdout
Finished building: blink.bin
 
 
Finished building: blink.list
 
18:45:28 **** Incremental Build of configuration Debug for project 00_Uart ****
make -j8 all 
arm-none-eabi-size   00_Uart.elf 
   text	   data	    bss	    dec	    hex	filename
    964	      8	   1568	   2540	    9ec	00_Uart.elf
Finished building: default.size.stdout
 
18:45:29 **** Incremental Build of configuration Debug for project blink ****
make -j8 all 
arm-none-eabi-gcc "../Src/main.c" -mcpu=cortex-m4 -std=gnu11 -g3 -DDEBUG -DSTM32 -DSTM32F4 -DSTM32F407VGTx -c -I../Inc -O0 -ffunction-sections -fdata-sections -Wall -fstack-usage -MMD -MP -MF"Src/main.d" -MT"Src/main.o" --specs=nano.specs -mfloat-abi=soft -mthumb -o "Src/main.o"
../Src/main.c: In function 'main':
../Src/main.c:91:11: warning: variable 'c' set but not used [-Wunused-but-set-variable]
   91 |      char c = 0;
      |           ^
../Src/main.c:85:10: warning: unused variable 'string' [-Wunused-variable]
   85 |     char string[] = "hello world\0";
      |          ^~~~~~
arm-none-eabi-gcc -o "blink.elf" @"objects.list"   -mcpu=cortex-m4 -T"/home/keith/Documents/Uart/blink/STM32F407VGTX_FLASH.ld" --specs=nosys.specs -Wl,-Map="blink.map" -Wl,--gc-sections -static --specs=nano.specs -mfloat-abi=soft -mthumb -Wl,--start-group -lc -lm -Wl,--end-group
Finished building target: blink.elf
 
arm-none-eabi-objdump -h -S  blink.elf  > "blink.list"
arm-none-eabi-objcopy  -O binary  blink.elf  "blink.bin"
arm-none-eabi-size   blink.elf 
   text	   data	    bss	    dec	    hex	filename
   1064	     48	   1568	   2680	    a78	blink.elf
Finished building: default.size.stdout
 
Finished building: blink.bin
Finished building: blink.list
 
 
18:45:47 **** Incremental Build of configuration Debug for project blink ****
make -j8 all 
arm-none-eabi-size   blink.elf 
   text	   data	    bss	    dec	    hex	filename
   1064	     48	   1568	   2680	    a78	blink.elf
Finished building: default.size.stdout
 
18:46:40 **** Incremental Build of configuration Debug for project 00_Uart ****
make -j8 all 
arm-none-eabi-size   00_Uart.elf 
   text	   data	    bss	    dec	    hex	filename
    964	      8	   1568	   2540	    9ec	00_Uart.elf
Finished building: default.size.stdout
 
18:46:40 **** Incremental Build of configuration Debug for project blink ****
make -j8 all 
arm-none-eabi-gcc "../Src/main.c" -mcpu=cortex-m4 -std=gnu11 -g3 -DDEBUG -DSTM32 -DSTM32F4 -DSTM32F407VGTx -c -I../Inc -O0 -ffunction-sections -fdata-sections -Wall -fstack-usage -MMD -MP -MF"Src/main.d" -MT"Src/main.o" --specs=nano.specs -mfloat-abi=soft -mthumb -o "Src/main.o"
../Src/main.c: In function 'main':
../Src/main.c:85:10: warning: unused variable 'string' [-Wunused-variable]
   85 |     char string[] = "hello world\0";
      |          ^~~~~~
../Src/main.c: In function 'USART2_IRQHandler':
../Src/main.c:99:2: warning: statement with no effect [-Wunused-value]
   99 |  led_on;
      |  ^~~~~~
arm-none-eabi-gcc -o "blink.elf" @"objects.list"   -mcpu=cortex-m4 -T"/home/keith/Documents/Uart/blink/STM32F407VGTX_FLASH.ld" --specs=nosys.specs -Wl,-Map="blink.map" -Wl,--gc-sections -static --specs=nano.specs -mfloat-abi=soft -mthumb -Wl,--start-group -lc -lm -Wl,--end-group
Finished building target: blink.elf
 
arm-none-eabi-objdump -h -S  blink.elf  > "blink.list"
arm-none-eabi-objcopy  -O binary  blink.elf  "blink.bin"
arm-none-eabi-size   blink.elf 
   text	   data	    bss	    dec	    hex	filename
   1072	     48	   1568	   2688	    a80	blink.elf
Finished building: default.size.stdout
 
Finished building: blink.bin
Finished building: blink.list
 
 
18:46:47 **** Incremental Build of configuration Debug for project 00_Uart ****
make -j8 all 
arm-none-eabi-size   00_Uart.elf 
   text	   data	    bss	    dec	    hex	filename
    964	      8	   1568	   2540	    9ec	00_Uart.elf
Finished building: default.size.stdout
 
18:46:48 **** Incremental Build of configuration Debug for project blink ****
make -j8 all 
arm-none-eabi-gcc "../Src/main.c" -mcpu=cortex-m4 -std=gnu11 -g3 -DDEBUG -DSTM32 -DSTM32F4 -DSTM32F407VGTx -c -I../Inc -O0 -ffunction-sections -fdata-sections -Wall -fstack-usage -MMD -MP -MF"Src/main.d" -MT"Src/main.o" --specs=nano.specs -mfloat-abi=soft -mthumb -o "Src/main.o"
../Src/main.c: In function 'main':
../Src/main.c:85:10: warning: unused variable 'string' [-Wunused-variable]
   85 |     char string[] = "hello world\0";
      |          ^~~~~~
arm-none-eabi-gcc -o "blink.elf" @"objects.list"   -mcpu=cortex-m4 -T"/home/keith/Documents/Uart/blink/STM32F407VGTX_FLASH.ld" --specs=nosys.specs -Wl,-Map="blink.map" -Wl,--gc-sections -static --specs=nano.specs -mfloat-abi=soft -mthumb -Wl,--start-group -lc -lm -Wl,--end-group
Finished building target: blink.elf
 
arm-none-eabi-objdump -h -S  blink.elf  > "blink.list"
arm-none-eabi-objcopy  -O binary  blink.elf  "blink.bin"
arm-none-eabi-size   blink.elf 
   text	   data	    bss	    dec	    hex	filename
   1072	     48	   1568	   2688	    a80	blink.elf
Finished building: default.size.stdout
Finished building: blink.bin
Finished building: blink.list
 
 
 
18:46:51 **** Incremental Build of configuration Debug for project 00_Uart ****
make -j8 all 
arm-none-eabi-size   00_Uart.elf 
   text	   data	    bss	    dec	    hex	filename
    964	      8	   1568	   2540	    9ec	00_Uart.elf
Finished building: default.size.stdout
 
18:46:51 **** Incremental Build of configuration Debug for project blink ****
make -j8 all 
arm-none-eabi-size   blink.elf 
   text	   data	    bss	    dec	    hex	filename
   1072	     48	   1568	   2688	    a80	blink.elf
Finished building: default.size.stdout
 
18:47:00 **** Incremental Build of configuration Debug for project blink ****
make -j8 all 
arm-none-eabi-size   blink.elf 
   text	   data	    bss	    dec	    hex	filename
   1072	     48	   1568	   2688	    a80	blink.elf
Finished building: default.size.stdout
 
